

     2D output with M =   5,  N =  10  and  NPT =  16

    New RHO = 1.0000E-02     Number of function values =    36
    Least value of F =  5.680729791421956E+00         The corresponding X is:
     2.221147E-01   1.000000E+00  -1.000000E+00   1.000000E+00  -1.000000E+00
    -1.000000E+00   1.000000E+00  -1.000000E+00   1.000000E+00   3.265332E-01

    New RHO = 1.0000E-03     Number of function values =    60
    Least value of F =  5.680354430001146E+00         The corresponding X is:
     2.603234E-01   1.000000E+00  -1.000000E+00   1.000000E+00  -1.000000E+00
    -1.000000E+00   1.000000E+00  -1.000000E+00   1.000000E+00   2.612788E-01

    New RHO = 1.0000E-04     Number of function values =    73
    Least value of F =  5.680353929615947E+00         The corresponding X is:
     2.606974E-01   1.000000E+00  -1.000000E+00   1.000000E+00  -1.000000E+00
    -1.000000E+00   1.000000E+00  -1.000000E+00   1.000000E+00   2.615739E-01

    New RHO = 1.0000E-05     Number of function values =    88
    Least value of F =  5.680353888456104E+00         The corresponding X is:
     2.613393E-01   1.000000E+00  -1.000000E+00   1.000000E+00  -1.000000E+00
    -1.000000E+00   1.000000E+00  -1.000000E+00   1.000000E+00   2.611534E-01

    New RHO = 1.0000E-06     Number of function values =   108
    Least value of F =  5.680353888084572E+00         The corresponding X is:
     2.612445E-01   1.000000E+00  -1.000000E+00   1.000000E+00  -1.000000E+00
    -1.000000E+00   1.000000E+00  -1.000000E+00   1.000000E+00   2.612493E-01

    At the return from BOBYQA     Number of function values =   123
    Least value of F =  5.680353888084284E+00         The corresponding X is:
     2.612471E-01   1.000000E+00  -1.000000E+00   1.000000E+00  -1.000000E+00
    -1.000000E+00   1.000000E+00  -1.000000E+00   1.000000E+00   2.612470E-01

***** least function value: 5.680353888084284e+00


     2D output with M =   5,  N =  10  and  NPT =  21

    New RHO = 1.0000E-02     Number of function values =    44
    Least value of F =  5.608887796858023E+00         The corresponding X is:
     1.000000E+00   1.000000E+00  -1.000000E+00   1.000000E+00  -1.000000E+00
    -1.000000E+00   9.776403E-01  -1.000000E+00   1.000000E+00  -1.767038E-13

    New RHO = 1.0000E-03     Number of function values =    59
    Least value of F =  5.601550934818603E+00         The corresponding X is:
     1.000000E+00   1.000000E+00  -1.000000E+00   1.000000E+00  -1.000000E+00
    -1.000000E+00   1.000000E+00  -1.000000E+00   1.000000E+00  -2.938660E-03

    New RHO = 1.0000E-04     Number of function values =    73
    Least value of F =  5.601533980345714E+00         The corresponding X is:
     1.000000E+00   1.000000E+00  -1.000000E+00   1.000000E+00  -1.000000E+00
    -1.000000E+00   1.000000E+00  -1.000000E+00   1.000000E+00  -6.445101E-05

    New RHO = 1.0000E-05     Number of function values =    78
    Least value of F =  5.601533972186777E+00         The corresponding X is:
     1.000000E+00   1.000000E+00  -1.000000E+00   1.000000E+00  -1.000000E+00
    -1.000000E+00   1.000000E+00  -1.000000E+00   1.000000E+00   3.999974E-07

    New RHO = 1.0000E-06     Number of function values =    91
    Least value of F =  5.601533972186777E+00         The corresponding X is:
     1.000000E+00   1.000000E+00  -1.000000E+00   1.000000E+00  -1.000000E+00
    -1.000000E+00   1.000000E+00  -1.000000E+00   1.000000E+00   3.999974E-07

    At the return from BOBYQA     Number of function values =    98
    Least value of F =  5.601533972186465E+00         The corresponding X is:
     1.000000E+00   1.000000E+00  -1.000000E+00   1.000000E+00  -1.000000E+00
    -1.000000E+00   1.000000E+00  -1.000000E+00   1.000000E+00   1.916017E-10

***** least function value: 5.601533972186465e+00


     2D output with M =  10,  N =  20  and  NPT =  26

    New RHO = 1.0000E-02     Number of function values =    34
    Least value of F =  3.291200620948101E+01         The corresponding X is:
     1.000000E+00   8.283285E-01   3.605841E-01   1.000000E+00  -3.605841E-01
     1.000000E+00  -1.000000E+00   9.275342E-01  -9.994764E-01   8.783984E-02
    -1.000000E+00  -9.995070E-01  -2.696121E-01  -1.000000E+00   2.706121E-01
    -1.000000E+00   1.000000E+00  -1.000000E+00   9.994764E-01   8.783984E-02

    New RHO = 1.0000E-03     Number of function values =    88
    Least value of F =  3.220322024737089E+01         The corresponding X is:
     1.000000E+00   1.000000E+00   3.645051E-01   1.000000E+00  -3.576367E-01
     1.000000E+00  -1.000000E+00   1.000000E+00  -1.000000E+00  -2.759587E-03
    -1.000000E+00  -1.000000E+00  -3.624180E-01  -1.000000E+00   3.623725E-01
    -1.000000E+00   1.000000E+00  -1.000000E+00   1.000000E+00  -3.349526E-03

    New RHO = 1.0000E-04     Number of function values =   121
    Least value of F =  3.220306285892171E+01         The corresponding X is:
     1.000000E+00   1.000000E+00   3.618014E-01   1.000000E+00  -3.619181E-01
     1.000000E+00  -1.000000E+00   1.000000E+00  -1.000000E+00  -1.322484E-03
    -1.000000E+00  -1.000000E+00  -3.618304E-01  -1.000000E+00   3.619566E-01
    -1.000000E+00   1.000000E+00  -1.000000E+00   1.000000E+00  -8.843503E-04

    New RHO = 1.0000E-05     Number of function values =   157
    Least value of F =  3.220305336987251E+01         The corresponding X is:
     1.000000E+00   1.000000E+00   3.616064E-01   1.000000E+00  -3.616179E-01
     1.000000E+00  -1.000000E+00   1.000000E+00  -1.000000E+00  -5.333451E-06
    -1.000000E+00  -1.000000E+00  -3.616083E-01  -1.000000E+00   3.616038E-01
    -1.000000E+00   1.000000E+00  -1.000000E+00   1.000000E+00   1.050743E-05

    New RHO = 1.0000E-06     Number of function values =   179
    Least value of F =  3.220305336890880E+01         The corresponding X is:
     1.000000E+00   1.000000E+00   3.616077E-01   1.000000E+00  -3.616078E-01
     1.000000E+00  -1.000000E+00   1.000000E+00  -1.000000E+00   2.566120E-06
    -1.000000E+00  -1.000000E+00  -3.616071E-01  -1.000000E+00   3.616065E-01
    -1.000000E+00   1.000000E+00  -1.000000E+00   1.000000E+00   3.641092E-06

    At the return from BOBYQA     Number of function values =   205
    Least value of F =  3.220305336883060E+01         The corresponding X is:
     1.000000E+00   1.000000E+00   3.616077E-01   1.000000E+00  -3.616080E-01
     1.000000E+00  -1.000000E+00   1.000000E+00  -1.000000E+00  -2.954437E-07
    -1.000000E+00  -1.000000E+00  -3.616079E-01  -1.000000E+00   3.616078E-01
    -1.000000E+00   1.000000E+00  -1.000000E+00   1.000000E+00   8.866453E-08

***** least function value: 3.220305336883060e+01


     2D output with M =  10,  N =  20  and  NPT =  41

    New RHO = 1.0000E-02     Number of function values =    45
    Least value of F =  3.221724258591880E+01         The corresponding X is:
     1.000000E+00   1.000000E+00   3.811180E-01   1.000000E+00  -3.811180E-01
     1.000000E+00  -1.000000E+00   1.000000E+00  -1.000000E+00   1.224647E-16
    -1.000000E+00  -1.000000E+00  -3.811180E-01  -1.000000E+00   3.811180E-01
    -1.000000E+00   1.000000E+00  -1.000000E+00   1.000000E+00  -2.449294E-16

    New RHO = 1.0000E-03     Number of function values =    80
    Least value of F =  3.220308936260135E+01         The corresponding X is:
     1.000000E+00   1.000000E+00   3.625827E-01   1.000000E+00  -3.625827E-01
     1.000000E+00  -1.000000E+00   1.000000E+00  -1.000000E+00   1.224647E-16
    -1.000000E+00  -1.000000E+00  -3.625827E-01  -1.000000E+00   3.625827E-01
    -1.000000E+00   1.000000E+00  -1.000000E+00   1.000000E+00  -2.449294E-16

    New RHO = 1.0000E-04     Number of function values =   112
    Least value of F =  3.220305353124637E+01         The corresponding X is:
     1.000000E+00   1.000000E+00   3.615510E-01   1.000000E+00  -3.615643E-01
     1.000000E+00  -1.000000E+00   1.000000E+00  -1.000000E+00   8.602213E-05
    -1.000000E+00  -1.000000E+00  -3.616122E-01  -1.000000E+00   3.615515E-01
    -1.000000E+00   1.000000E+00  -1.000000E+00   1.000000E+00   1.687215E-04

    New RHO = 1.0000E-05     Number of function values =   136
    Least value of F =  3.220305337717114E+01         The corresponding X is:
     1.000000E+00   1.000000E+00   3.615876E-01   1.000000E+00  -3.616140E-01
     1.000000E+00  -1.000000E+00   1.000000E+00  -1.000000E+00   1.844099E-05
    -1.000000E+00  -1.000000E+00  -3.616364E-01  -1.000000E+00   3.616024E-01
    -1.000000E+00   1.000000E+00  -1.000000E+00   1.000000E+00   1.157131E-05

    New RHO = 1.0000E-06     Number of function values =   156
    Least value of F =  3.220305336914299E+01         The corresponding X is:
     1.000000E+00   1.000000E+00   3.616044E-01   1.000000E+00  -3.616079E-01
     1.000000E+00  -1.000000E+00   1.000000E+00  -1.000000E+00   9.207299E-07
    -1.000000E+00  -1.000000E+00  -3.616044E-01  -1.000000E+00   3.616141E-01
    -1.000000E+00   1.000000E+00  -1.000000E+00   1.000000E+00   2.382489E-06

    At the return from BOBYQA     Number of function values =   194
    Least value of F =  3.220305336883041E+01         The corresponding X is:
     1.000000E+00   1.000000E+00   3.616078E-01   1.000000E+00  -3.616080E-01
     1.000000E+00  -1.000000E+00   1.000000E+00  -1.000000E+00  -1.148260E-07
    -1.000000E+00  -1.000000E+00  -3.616080E-01  -1.000000E+00   3.616078E-01
    -1.000000E+00   1.000000E+00  -1.000000E+00   1.000000E+00   5.206591E-08

***** least function value: 3.220305336883041e+01

